// Jest Snapshot v1, https://goo.gl/fbAQLP

exports[`getData test 1 - Корректное значение 1`] = `
[
  "1",
  "2",
  "3",
]
`;
